// Code generated by options-gen. DO NOT EDIT.
package testcase

import (
	fmt461e464ebed9 "fmt"

	errors461e464ebed9 "github.com/kazhuravlev/options-gen/pkg/errors"
	validator461e464ebed9 "github.com/kazhuravlev/options-gen/pkg/validator"
)

type optField int8

const (
	FieldrequiredKey optField = 0
	Fieldkey         optField = 1
	FieldoptKey      optField = 2
)

var optIsSet = [3]bool{}

type OptOptionsSetter[T string] func(o *Options[T])

func NewOptions[T string](
	requiredKey T,
	key T,
	options ...OptOptionsSetter[T],
) Options[T] {
	o := Options[T]{}

	var empty [3]bool
	optIsSet = empty

	// Setting defaults from field tag (if present)

	o.requiredKey = requiredKey
	optIsSet[FieldrequiredKey] = true
	o.key = key
	optIsSet[Fieldkey] = true

	for _, opt := range options {
		opt(&o)
	}
	return o
}

func WithSomeOptKey[T string](opt T) OptOptionsSetter[T] {
	return func(o *Options[T]) {
		o.optKey = opt
		optIsSet[FieldoptKey] = true
	}
}

func (o *Options[T]) Validate() error {
	errs := new(errors461e464ebed9.ValidationErrors)
	errs.Add(errors461e464ebed9.NewValidationError("requiredKey", _validate_Options_requiredKey[T](o)))
	return errs.AsError()
}

func (o *Options[T]) IsSet(field optField) bool {
	return optIsSet[field]
}

func _validate_Options_requiredKey[T string](o *Options[T]) error {
	if err := validator461e464ebed9.GetValidatorFor(o).Var(o.requiredKey, "required"); err != nil {
		return fmt461e464ebed9.Errorf("field `requiredKey` did not pass the test: %w", err)
	}
	return nil
}
