// Code generated by options-gen qa-version. DO NOT EDIT.

package testcase

type CustomOpt[T string] func(o *Options[T])

func NewOptions[T string](
	options ...CustomOpt[T],
) Options[T] {
	var o Options[T]

	// Setting defaults from field tag (if present)

	for _, opt := range options {
		opt(&o)
	}
	return o
}

func WithSomeOptKey[T string](opt T) CustomOpt[T] {
	return func(o *Options[T]) { o.OptKey = opt }
}

func (o *Options[T]) Validate() error {
	return nil
}
