// Code generated by options-gen qa-version. DO NOT EDIT.

package testcase

import (
	fmt461e464ebed9 "fmt"

	errors461e464ebed9 "github.com/kazhuravlev/options-gen/pkg/errors"
	validator461e464ebed9 "github.com/kazhuravlev/options-gen/pkg/validator"
)

type optSomeField int8

const (
	FieldSomerequiredKey optSomeField = 0
	FieldSomekey         optSomeField = 1
	FieldSomeoptKey      optSomeField = 2
)

var optSomeIsSet = [3]bool{}

type CustomOpt[T string] func(o *Options[T])

func NewOptions[T string](
	requiredKey T,
	key T,
	options ...CustomOpt[T],
) Options[T] {
	o := Options[T]{}

	var empty [3]bool
	optSomeIsSet = empty

	// Setting defaults from field tag (if present)

	o.requiredKey = requiredKey
	optSomeIsSet[FieldSomerequiredKey] = true
	o.key = key
	optSomeIsSet[FieldSomekey] = true

	for _, opt := range options {
		opt(&o)
	}
	return o
}

func WithSomeOptKey[T string](opt T) CustomOpt[T] {
	return func(o *Options[T]) {
		o.optKey = opt
		optSomeIsSet[FieldSomeoptKey] = true
	}
}

func (o *Options[T]) Validate() error {
	errs := new(errors461e464ebed9.ValidationErrors)
	errs.Add(errors461e464ebed9.NewValidationError("requiredKey", _validate_Options_requiredKey[T](o)))
	return errs.AsError()
}

func (o *Options[T]) IsSet(field optSomeField) bool {
	return optSomeIsSet[field]
}

func _validate_Options_requiredKey[T string](o *Options[T]) error {
	if err := validator461e464ebed9.GetValidatorFor(o).Var(o.requiredKey, "required"); err != nil {
		return fmt461e464ebed9.Errorf("field `requiredKey` did not pass the test: %w", err)
	}
	return nil
}
