// Code generated by options-gen qa-version. DO NOT EDIT.

package testcase

import (
	"github.com/kazhuravlev/options-gen/options-gen/testdata/case-18-embed-inline-no-panic/embedpkg"
)

type OptOptionsSetter func(o *Options)

func NewOptions(
	options ...OptOptionsSetter,
) Options {
	var o Options

	// Setting defaults from field tag (if present)

	for _, opt := range options {
		opt(&o)
	}
	return o
}

func WithEmbedStruct(opt testcase.EmbedStruct) OptOptionsSetter {
	return func(o *Options) { o.EmbedStruct = opt }
}

func WithStruct(opt *embedpkg.Struct) OptOptionsSetter {
	return func(o *Options) { o.Struct = opt }
}

func (o *Options) Validate() error {
	return nil
}
