// Code generated by options-gen qa-version. DO NOT EDIT.

package testcase

import (
	"github.com/kazhuravlev/options-gen/options-gen/testdata/case-18-embed-inline-no-panic/embedpkg"
)

type optField int8

const (
	FieldEmbedStruct optField = 0
	FieldStruct      optField = 1
	Fieldinline      optField = 2
	Fieldname        optField = 3
)

var optIsSet = [4]bool{}

type OptOptionsSetter func(o *Options)

func NewOptions(
	options ...OptOptionsSetter,
) Options {
	o := Options{}

	var empty [4]bool
	optIsSet = empty

	// Setting defaults from field tag (if present)

	for _, opt := range options {
		opt(&o)
	}
	return o
}

func WithEmbedStruct(opt EmbedStruct) OptOptionsSetter {
	return func(o *Options) {
		o.EmbedStruct = opt
		optIsSet[FieldEmbedStruct] = true
	}
}

func WithStruct(opt *embedpkg.Struct) OptOptionsSetter {
	return func(o *Options) {
		o.Struct = opt
		optIsSet[FieldStruct] = true
	}
}

func WithInline(opt struct{ inlineField string }) OptOptionsSetter {
	return func(o *Options) {
		o.inline = opt
		optIsSet[Fieldinline] = true
	}
}

func WithName(opt string) OptOptionsSetter {
	return func(o *Options) {
		o.name = opt
		optIsSet[Fieldname] = true
	}
}

func (o *Options) Validate() error {
	return nil
}

func (o *Options) IsSet(field optField) bool {
	return optIsSet[field]
}
