// Code generated by options-gen qa-version. DO NOT EDIT.

package testcase

import (
	"time"
)

type OptOptionsSetter func(o *Options)

func NewOptions(
	options ...OptOptionsSetter,
) Options {
	o := Options{}

	// Setting defaults from field tag (if present)

	for _, opt := range options {
		opt(&o)
	}
	return o
}

func WithDuration(opt time.Duration) OptOptionsSetter {
	return func(o *Options) {
		o.Duration = opt

	}
}

func (o *Options) Validate() error {
	return nil
}
